01:02:39 **** Incremental Build of configuration Debug for project ADC ****
make -j4 all 
arm-none-eabi-gcc "../Src/main.c" -mcpu=cortex-m4 -std=gnu11 -g3 -DDEBUG -DSTM32F401CCUx -DSTM32 -DSTM32F4 -DSTM32F401xC -c -I../Inc -I"C:/MyDocuments/Embedded c.c++/FormationEmbeddeUtorrent/chip_headers/CMSIS/Device/ST/STM32F4xx/Include" -I"C:/MyDocuments/Embedded c.c++/FormationEmbeddeUtorrent/chip_headers/CMSIS/include" -I"C:/MyDocuments/Embedded c.c++/FormationEmbeddeUtorrent/uart_rx_check/Inc" -I"C:/MyDocuments/Embedded c.c++/FormationEmbeddeUtorrent/uart_rx_check/Src" -O0 -ffunction-sections -fdata-sections -Wall -fstack-usage -fcyclomatic-complexity -MMD -MP -MF"Src/main.d" -MT"Src/main.o" --specs=nano.specs -mfpu=fpv4-sp-d16 -mfloat-abi=hard -mthumb -o "Src/main.o"
../Src/main.c:12:6: warning: return type of 'main' is not 'int' [-Wmain]
   12 | void main(void)
      |      ^~~~
arm-none-eabi-gcc -o "ADC.elf" @"objects.list"   -mcpu=cortex-m4 -T"C:\MyDocuments\Embedded c.c++\FormationEmbeddeUtorrent\ADC\STM32F401CCUX_FLASH.ld" --specs=nosys.specs -Wl,-Map="ADC.map" -Wl,--gc-sections -static --specs=nano.specs -mfpu=fpv4-sp-d16 -mfloat-abi=hard -mthumb -Wl,--start-group -lc -lm -Wl,--end-group
Finished building target: ADC.elf
 
arm-none-eabi-size  ADC.elf 
arm-none-eabi-objdump -h -S ADC.elf  > "ADC.list"
   text	   data	    bss	    dec	    hex	filename
   5496	    100	   1908	   7504	   1d50	ADC.elf
Finished building: default.size.stdout
 
Finished building: ADC.list
 

01:02:41 Build Finished. 0 errors, 1 warnings. (took 1s.549ms)

