05:36:50 **** Build of configuration Debug for project InputCapture ****
make -j4 all 
arm-none-eabi-gcc "../Src/main.c" -mcpu=cortex-m4 -std=gnu11 -g3 -DDEBUG -DSTM32F401CCUx -DSTM32 -DSTM32F4 -DSTM32F401xC -c -I../Inc -I"C:/MyDocuments/Embedded c.c++/FormationEmbeddeUtorrent/chip_headers/CMSIS/Device/ST/STM32F4xx/Include" -I"C:/MyDocuments/Embedded c.c++/FormationEmbeddeUtorrent/chip_headers/CMSIS/include" -I"C:/MyDocuments/Embedded c.c++/FormationEmbeddeUtorrent/uart_rx_check/Inc" -I"C:/MyDocuments/Embedded c.c++/FormationEmbeddeUtorrent/uart_rx_check/Src" -O0 -ffunction-sections -fdata-sections -Wall -fstack-usage -fcyclomatic-complexity -MMD -MP -MF"Src/main.d" -MT"Src/main.o" --specs=nano.specs -mfpu=fpv4-sp-d16 -mfloat-abi=hard -mthumb -o "Src/main.o"
arm-none-eabi-gcc "../Src/tim.c" -mcpu=cortex-m4 -std=gnu11 -g3 -DDEBUG -DSTM32F401CCUx -DSTM32 -DSTM32F4 -DSTM32F401xC -c -I../Inc -I"C:/MyDocuments/Embedded c.c++/FormationEmbeddeUtorrent/chip_headers/CMSIS/Device/ST/STM32F4xx/Include" -I"C:/MyDocuments/Embedded c.c++/FormationEmbeddeUtorrent/chip_headers/CMSIS/include" -I"C:/MyDocuments/Embedded c.c++/FormationEmbeddeUtorrent/uart_rx_check/Inc" -I"C:/MyDocuments/Embedded c.c++/FormationEmbeddeUtorrent/uart_rx_check/Src" -O0 -ffunction-sections -fdata-sections -Wall -fstack-usage -fcyclomatic-complexity -MMD -MP -MF"Src/tim.d" -MT"Src/tim.o" --specs=nano.specs -mfpu=fpv4-sp-d16 -mfloat-abi=hard -mthumb -o "Src/tim.o"
../Src/main.c:14:6: warning: return type of 'main' is not 'int' [-Wmain]
   14 | void main(void)
      |      ^~~~
arm-none-eabi-gcc -o "InputCapture.elf" @"objects.list"   -mcpu=cortex-m4 -T"C:\MyDocuments\Embedded c.c++\FormationEmbeddeUtorrent\InputCapture\STM32F401CCUX_FLASH.ld" --specs=nosys.specs -Wl,-Map="InputCapture.map" -Wl,--gc-sections -static --specs=nano.specs -mfpu=fpv4-sp-d16 -mfloat-abi=hard -mthumb -Wl,--start-group -lc -lm -Wl,--end-group
Finished building target: InputCapture.elf
 
arm-none-eabi-size  InputCapture.elf 
arm-none-eabi-objdump -h -S InputCapture.elf  > "InputCapture.list"
   text	   data	    bss	    dec	    hex	filename
   5804	    100	   1900	   7804	   1e7c	InputCapture.elf
Finished building: default.size.stdout
 
Finished building: InputCapture.list
 

05:36:53 Build Finished. 0 errors, 1 warnings. (took 2s.789ms)

