22:19:16 **** Build of configuration Debug for project uart_check ****
make -j4 all 
arm-none-eabi-gcc -mcpu=cortex-m4 -g3 -DDEBUG -c -x assembler-with-cpp -MMD -MP -MF"Startup/startup_stm32f401cbux.d" -MT"Startup/startup_stm32f401cbux.o" --specs=nano.specs -mfpu=fpv4-sp-d16 -mfloat-abi=hard -mthumb -o "Startup/startup_stm32f401cbux.o" "../Startup/startup_stm32f401cbux.s"
arm-none-eabi-gcc "../Src/main.c" -mcpu=cortex-m4 -std=gnu11 -g3 -DDEBUG -DSTM32F401CBUx -DSTM32 -DSTM32F4 -DSTM32F401xC -c -I../Inc -I"C:/MyDocuments/Embedded c.c++/FormationEmbeddeUtorrent/chip_headers/CMSIS/include" -I"C:/MyDocuments/Embedded c.c++/FormationEmbeddeUtorrent/chip_headers/CMSIS/Device/ST/STM32F4xx/Include" -O0 -ffunction-sections -fdata-sections -Wall -fstack-usage -fcyclomatic-complexity -MMD -MP -MF"Src/main.d" -MT"Src/main.o" --specs=nano.specs -mfpu=fpv4-sp-d16 -mfloat-abi=hard -mthumb -o "Src/main.o"
arm-none-eabi-gcc "../Src/syscalls.c" -mcpu=cortex-m4 -std=gnu11 -g3 -DDEBUG -DSTM32F401CBUx -DSTM32 -DSTM32F4 -DSTM32F401xC -c -I../Inc -I"C:/MyDocuments/Embedded c.c++/FormationEmbeddeUtorrent/chip_headers/CMSIS/include" -I"C:/MyDocuments/Embedded c.c++/FormationEmbeddeUtorrent/chip_headers/CMSIS/Device/ST/STM32F4xx/Include" -O0 -ffunction-sections -fdata-sections -Wall -fstack-usage -fcyclomatic-complexity -MMD -MP -MF"Src/syscalls.d" -MT"Src/syscalls.o" --specs=nano.specs -mfpu=fpv4-sp-d16 -mfloat-abi=hard -mthumb -o "Src/syscalls.o"
arm-none-eabi-gcc "../Src/sysmem.c" -mcpu=cortex-m4 -std=gnu11 -g3 -DDEBUG -DSTM32F401CBUx -DSTM32 -DSTM32F4 -DSTM32F401xC -c -I../Inc -I"C:/MyDocuments/Embedded c.c++/FormationEmbeddeUtorrent/chip_headers/CMSIS/include" -I"C:/MyDocuments/Embedded c.c++/FormationEmbeddeUtorrent/chip_headers/CMSIS/Device/ST/STM32F4xx/Include" -O0 -ffunction-sections -fdata-sections -Wall -fstack-usage -fcyclomatic-complexity -MMD -MP -MF"Src/sysmem.d" -MT"Src/sysmem.o" --specs=nano.specs -mfpu=fpv4-sp-d16 -mfloat-abi=hard -mthumb -o "Src/sysmem.o"
arm-none-eabi-gcc -o "uart_check.elf" @"objects.list"   -mcpu=cortex-m4 -T"C:\MyDocuments\Embedded c.c++\FormationEmbeddeUtorrent\uart_check\STM32F401CBUX_FLASH.ld" --specs=nosys.specs -Wl,-Map="uart_check.map" -Wl,--gc-sections -static --specs=nano.specs -mfpu=fpv4-sp-d16 -mfloat-abi=hard -mthumb -Wl,--start-group -lc -lm -Wl,--end-group
Finished building target: uart_check.elf
 
arm-none-eabi-size  uart_check.elf 
arm-none-eabi-objdump -h -S uart_check.elf  > "uart_check.list"
   text	   data	    bss	    dec	    hex	filename
    848	      8	   1568	   2424	    978	uart_check.elf
Finished building: default.size.stdout
 
Finished building: uart_check.list
 

22:19:18 Build Finished. 0 errors, 0 warnings. (took 2s.687ms)

