05:37:23 **** Incremental Build of configuration Debug for project uart_rx_interrupt ****
make -j4 all 
arm-none-eabi-gcc "../Src/main.c" -mcpu=cortex-m4 -std=gnu11 -g3 -DDEBUG -DSTM32F401CCUx -DSTM32 -DSTM32F4 -DSTM32F401xC -c -I../Inc -I"C:/MyDocuments/Embedded c.c++/FormationEmbeddeUtorrent/chip_headers/CMSIS/Device/ST/STM32F4xx/Include" -I"C:/MyDocuments/Embedded c.c++/FormationEmbeddeUtorrent/chip_headers/CMSIS/include" -O0 -ffunction-sections -fdata-sections -Wall -fstack-usage -fcyclomatic-complexity -MMD -MP -MF"Src/main.d" -MT"Src/main.o" --specs=nano.specs -mfpu=fpv4-sp-d16 -mfloat-abi=hard -mthumb -o "Src/main.o"
../Src/main.c:11:6: warning: return type of 'main' is not 'int' [-Wmain]
   11 | void main(void){
      |      ^~~~
arm-none-eabi-gcc -o "uart_rx_interrupt.elf" @"objects.list"   -mcpu=cortex-m4 -T"C:\MyDocuments\Embedded c.c++\FormationEmbeddeUtorrent\uart_rx_interrupt\STM32F401CCUX_FLASH.ld" --specs=nosys.specs -Wl,-Map="uart_rx_interrupt.map" -Wl,--gc-sections -static --specs=nano.specs -mfpu=fpv4-sp-d16 -mfloat-abi=hard -mthumb -Wl,--start-group -lc -lm -Wl,--end-group
Finished building target: uart_rx_interrupt.elf
 
arm-none-eabi-size  uart_rx_interrupt.elf 
arm-none-eabi-objdump -h -S uart_rx_interrupt.elf  > "uart_rx_interrupt.list"
   text	   data	    bss	    dec	    hex	filename
   1180	      8	   1568	   2756	    ac4	uart_rx_interrupt.elf
Finished building: default.size.stdout
 
Finished building: uart_rx_interrupt.list
 

05:37:24 Build Finished. 0 errors, 1 warnings. (took 1s.525ms)

